{
  "onBoarding_Card_Title_1": "Learn to be happier and safer online",
  "onBoarding_Card_Description_1": "Explore fun tools, tips, tricks and shared stories",
  "onBoarding_Card_Title_2": "The Cosmos: a place for you to explore & interact",
  "onBoarding_Card_Description_2": "Choose your interests and find something just right for you",
  "onBoarding_Card_Title_3": "My Space: your personal place to chill & check-in",
  "onBoarding_Card_Description_3": "Here is where you can get creative and discover more about what is important to you.",
  "onBoarding_Card_Title_4": "Need to talk? \n Thatâ€™s ok",
  "onBoarding_Card_Description_4": "Whatever your worry, there is someone you can talk or chat to",
  "onBoarding_Card_Button_Component": "Got it!"
}