{
  "popUp_Header": "Before you get started!",
  "popUp_SkipButton": "SKIP",
  "popUp_Dialog_1": "You should read our",
  "popUp_Dialog_2": "If youâ€™re under 16, do this with your parents.",
  "popUp_Dialog_TC": "terms and conditions"
}