{
  "explore_Header_Title": "Explore",
  "explore_Header_Sub_Title": "Select Interests",
  "skip_Button": "SKIP",
  "go_Button": "Go",
  "onBoarding_Card_Title_3": "My Space: your personal place to chill & check-in",
  "onBoarding_Card_Description_3": "Here is where you can get creative and discover more about what is important to you.",
  "onBoarding_Card_Title_4": "Need to talk now?",
  "onBoarding_Card_Description_4": "Whatever your worry, there is someone you can talk or chat to right now ",
  "onBoarding_Card_Button_Component": "Yup!"
}